// Jest Snapshot v1, https://goo.gl/fbAQLP

exports[`<Container/> matches the snapshot 1`] = `
<div>
  <div
    className="header"
  >
    <div
      className="innerHeader"
    >
      PIXEL ART
    </div>
  </div>
  <div>
    <div
      className="brd"
    >
      <div
        className="ui raised segment"
        id="gridOne"
        onMouseLeave={[Function]}
      >
        <Connect(Board) />
        <Connect(SetSize) />
      </div>
      <div
        id="gridTwo"
      >
        <div
          id="gridThree"
        >
          <Connect(ColorsPalette) />
        </div>
        <div
          id="gridFour"
        >
          <div
            className="grid-container"
          >
            <div
              className="buttonMainContainer"
            >
              <div
                className="ui raised segment vertical buttons buttonColumnOne"
              >
                <ReusableButton
                  name="download"
                  onClick={[Function]}
                />
                <ReusableButton
                  name="reset frame"
                  onClick={[Function]}
                />
                <ReusableButton
                  name="show animation"
                  onClick={[Function]}
                />
              </div>
              <div
                className="ui raised segment vertical buttons buttonColumnTwo"
              >
                <ReusableButton
                  name="add after"
                  onClick={[Function]}
                />
                <ReusableButton
                  name="add before"
                  onClick={[Function]}
                />
                <ReusableButton
                  name="copy frame"
                  onClick={[Function]}
                />
              </div>
            </div>
          </div>
        </div>
      </div>
    </div>
    <div
      className="carouselWrapper"
    >
      <Connect(Carousel) />
    </div>
    <Canvas />
    <Connect(Modal)>
      TEXT
    </Connect(Modal)>
  </div>
</div>
`;
